[29Jul2026 12:42:50.476] [main/INFO] [cpw.mods.modlauncher.Launcher/MODLAUNCHER]: ModLauncher running: args [--launchTarget, forgeclientdev, --version, 21.1.218, --assetIndex, 17, --assetsDir, /Users/ashwinavadhanula/.gradle/caches/neoformruntime/assets, --gameDir, ., --fml.fmlVersion, 4.0.42, --fml.mcVersion, 1.21.1, --fml.neoForgeVersion, 21.1.218, --fml.neoFormVersion, 20240808.144430]
[29Jul2026 12:42:50.477] [main/INFO] [cpw.mods.modlauncher.Launcher/MODLAUNCHER]: JVM identified as Amazon.com Inc. OpenJDK 64-Bit Server VM 21.0.4+7-LTS
[29Jul2026 12:42:50.478] [main/INFO] [cpw.mods.modlauncher.Launcher/MODLAUNCHER]: ModLauncher 11.0.5+main.901c6ea8 starting: java version 21.0.4 by Amazon.com Inc.; OS Mac OS X arch aarch64 version 26.5.2
[29Jul2026 12:42:50.517] [main/INFO] [net.neoforged.fml.loading.ImmediateWindowHandler/]: Loading ImmediateWindowProvider fmlearlywindow
[29Jul2026 12:42:50.656] [main/INFO] [EARLYDISPLAY/]: Trying GL version 4.6
[29Jul2026 12:42:50.699] [main/INFO] [EARLYDISPLAY/]: Trying GL version 4.5
[29Jul2026 12:42:50.709] [main/INFO] [EARLYDISPLAY/]: Trying GL version 4.4
[29Jul2026 12:42:50.720] [main/INFO] [EARLYDISPLAY/]: Trying GL version 4.3
[29Jul2026 12:42:50.729] [main/INFO] [EARLYDISPLAY/]: Trying GL version 4.2
[29Jul2026 12:42:50.739] [main/INFO] [EARLYDISPLAY/]: Trying GL version 4.1
[29Jul2026 12:42:50.750] [main/INFO] [EARLYDISPLAY/]: Requested GL version 4.1 got version 4.1
[29Jul2026 12:42:50.824] [main/INFO] [mixin/]: SpongePowered MIXIN Subsystem Version=0.8.7 Source=union:/Users/ashwinavadhanula/.gradle/caches/modules-2/files-2.1/net.fabricmc/sponge-mixin/0.15.2+mixin.0.8.7/2af2f021d8e02a0220dc27a7a72b4666d66d44ca/sponge-mixin-0.15.2+mixin.0.8.7.jar%23132!/ Service=ModLauncher Env=CLIENT
[29Jul2026 12:42:50.962] [pool-2-thread-1/INFO] [EARLYDISPLAY/]: GL info: Apple M3 Pro GL version 4.1 Metal - 90.5, Apple
[29Jul2026 12:42:50.973] [main/INFO] [net.neoforged.fml.loading.moddiscovery.locators.JarInJarDependencyLocator/]: Found 2 dependencies adding them to mods collection
[29Jul2026 12:42:50.973] [main/INFO] [net.neoforged.fml.loading.moddiscovery.ModDiscoverer/]: 
     Mod List:
		Name Version (Mod Id)

		Augmented Backpacks 1.1.0 (augmented)
		Backpacked 3.0.0 (backpacked)
		Framework 0.13.10 (framework)
		Minecraft 1.21.1 (minecraft)
		NeoForge 21.1.218 (neoforge)
[29Jul2026 12:42:51.298] [main/INFO] [mixin/]: Compatibility level set to JAVA_17
[29Jul2026 12:42:51.300] [main/INFO] [cpw.mods.modlauncher.LaunchServiceHandler/MODLAUNCHER]: Launching target 'forgeclientdev' with arguments [--version, 21.1.218, --gameDir, ., --assetsDir, /Users/ashwinavadhanula/.gradle/caches/neoformruntime/assets, --assetIndex, 17]
[29Jul2026 12:42:51.313] [main/WARN] [mixin/]: Reference map 'backpacked.refmap.json' for backpacked.common.mixins.json could not be read. If this is a development environment you can ignore this message
[29Jul2026 12:42:51.935] [Datafixer Bootstrap/INFO] [com.mojang.datafixers.DataFixerBuilder/]: 229 Datafixer optimizations took 104 milliseconds
[29Jul2026 12:42:52.441] [pool-9-thread-1/INFO] [MixinExtras|Service/]: Initializing MixinExtras via com.llamalad7.mixinextras.service.MixinExtrasServiceImpl(version=0.5.0).
[29Jul2026 12:42:54.618] [main/WARN] [net.minecraft.commands.Commands/]: Ambiguity between arguments [teleport, location] and [teleport, destination] with inputs: [0.1 -0.5 .9, 0 0 0]
[29Jul2026 12:42:54.619] [main/WARN] [net.minecraft.commands.Commands/]: Ambiguity between arguments [teleport, location] and [teleport, targets] with inputs: [0.1 -0.5 .9, 0 0 0]
[29Jul2026 12:42:54.620] [main/WARN] [net.minecraft.commands.Commands/]: Ambiguity between arguments [teleport, destination] and [teleport, targets] with inputs: [Player, 0123, @e, dd12be42-52a9-4a91-a8a1-11c01849e498]
[29Jul2026 12:42:54.621] [main/WARN] [net.minecraft.commands.Commands/]: Ambiguity between arguments [teleport, targets] and [teleport, destination] with inputs: [Player, 0123, dd12be42-52a9-4a91-a8a1-11c01849e498]
[29Jul2026 12:42:54.622] [main/WARN] [net.minecraft.commands.Commands/]: Ambiguity between arguments [teleport, targets, location] and [teleport, targets, destination] with inputs: [0.1 -0.5 .9, 0 0 0]
[29Jul2026 12:42:54.670] [Render thread/WARN] [net.minecraft.server.packs.VanillaPackResourcesBuilder/]: Assets URL 'union:/Users/ashwinavadhanula/Ash/Minecraft%20Mod/Augmented-Backpacks/Augmented-Backpacks/build/moddev/artifacts/neoforge-21.1.218-minecraft-merged.jar%23184!/assets/.mcassetsroot' uses unexpected schema
[29Jul2026 12:42:54.671] [Render thread/WARN] [net.minecraft.server.packs.VanillaPackResourcesBuilder/]: Assets URL 'union:/Users/ashwinavadhanula/Ash/Minecraft%20Mod/Augmented-Backpacks/Augmented-Backpacks/build/moddev/artifacts/neoforge-21.1.218-minecraft-merged.jar%23184!/data/.mcassetsroot' uses unexpected schema
[29Jul2026 12:42:54.679] [Render thread/INFO] [com.mojang.authlib.yggdrasil.YggdrasilAuthenticationService/]: Environment: Environment[sessionHost=https://sessionserver.mojang.com, servicesHost=https://api.minecraftservices.com, name=PROD]
[29Jul2026 12:42:54.682] [Render thread/INFO] [net.minecraft.client.Minecraft/]: Setting user: Dev
[29Jul2026 12:42:54.713] [Render thread/INFO] [net.minecraft.client.Minecraft/]: Backend library: LWJGL version 3.3.3+5
[29Jul2026 12:42:54.972] [modloading-worker-0/INFO] [Augmented Backpacks/]: Initializing Augmented Backpacks - Adding crafting augment to Backpacked
[29Jul2026 12:42:54.987] [modloading-worker-0/INFO] [Augmented Backpacks/]: Crafting augment registered
[29Jul2026 12:42:54.989] [modloading-worker-0/INFO] [net.neoforged.neoforge.common.NeoForgeMod/NEOFORGE-MOD]: NeoForge mod loading, version 21.1.218, for MC 1.21.1
[29Jul2026 12:42:55.344] [Render thread/INFO] [net.neoforged.neoforge.gametest.GameTestHooks/]: Enabled Gametest Namespaces: []
[29Jul2026 12:42:55.865] [Render thread/INFO] [net.minecraft.server.packs.resources.ReloadableResourceManager/]: Reloading ResourceManager: vanilla, mod_resources, mod/backpacked, mod/framework, mod/augmented, mod/neoforge
[29Jul2026 12:42:55.934] [Render thread/INFO] [Framework/SYNCED_ENTITY_DATA]: Registered synced data key backpacked:unlock_tracker for minecraft:player
[29Jul2026 12:42:55.935] [Render thread/INFO] [Framework/SYNCED_ENTITY_DATA]: Registered synced data key backpacked:trader_pickpocketing for minecraft:wandering_trader
[29Jul2026 12:42:55.935] [Render thread/INFO] [Framework/SYNCED_ENTITY_DATA]: Registered synced data key backpacked:backpack for minecraft:player
[29Jul2026 12:42:55.935] [Render thread/INFO] [Framework/SYNCED_ENTITY_DATA]: Registered synced data key backpacked:backpacks for minecraft:player
[29Jul2026 12:42:55.935] [Render thread/INFO] [Framework/SYNCED_ENTITY_DATA]: Registered synced data key backpacked:cosmetic_backpack for minecraft:player
[29Jul2026 12:42:55.935] [Render thread/INFO] [Framework/SYNCED_ENTITY_DATA]: Registered synced data key backpacked:selected_backpack for minecraft:player
[29Jul2026 12:42:55.935] [Render thread/INFO] [Framework/SYNCED_ENTITY_DATA]: Registered synced data key backpacked:unlockable_backpack_slots for minecraft:player
[29Jul2026 12:42:55.935] [Render thread/INFO] [Framework/SYNCED_ENTITY_DATA]: Registered synced data key backpacked:immortal_cooldown for minecraft:player
[29Jul2026 12:42:55.935] [Render thread/INFO] [Framework/SYNCED_ENTITY_DATA]: Registered synced data key backpacked:backpack_scale for minecraft:player
[29Jul2026 12:42:55.940] [Worker-Main-8/INFO] [net.minecraft.client.gui.font.providers.UnihexProvider/]: Found unifont_all_no_pua-15.1.05.hex, loading
[29Jul2026 12:42:56.008] [Worker-Main-10/INFO] [net.minecraft.client.gui.font.providers.UnihexProvider/]: Found unifont_jp_patch-15.1.05.hex, loading
[29Jul2026 12:42:56.039] [Render thread/INFO] [Augmented Backpacks/]: Successfully registered crafting augment GUI menu
[29Jul2026 12:42:56.631] [Render thread/INFO] [Augmented Backpacks/]: === REGISTERING PACKETS ===
[29Jul2026 12:42:56.632] [Render thread/INFO] [Augmented Backpacks/]: Registered CraftItemPacket to server with ID: augmented:craft_item
[29Jul2026 12:42:56.691] [Render thread/ERROR] [net.minecraft.client.sounds.SoundManager/]: Missing subtitle translation{key='subtitle.backpacked.backpack.place', args=[]} for sound event: backpacked:item.backpack.place
[29Jul2026 12:42:56.692] [Render thread/ERROR] [net.minecraft.client.sounds.SoundManager/]: Missing subtitle translation{key='subtitle.backpacked.augment.lootbound.take_item', args=[]} for sound event: backpacked:augment.backpacked.lootbound.take_item
[29Jul2026 12:42:56.692] [Render thread/WARN] [net.minecraft.client.sounds.SoundEngine/]: Missing sound for event: minecraft:item.goat_horn.play
[29Jul2026 12:42:56.692] [Render thread/WARN] [net.minecraft.client.sounds.SoundEngine/]: Missing sound for event: minecraft:entity.goat.screaming.horn_break
[29Jul2026 12:42:56.793] [Render thread/INFO] [com.mojang.blaze3d.audio.Library/]: OpenAL initialized on device MacBook Pro Speakers
[29Jul2026 12:42:56.794] [Render thread/INFO] [net.minecraft.client.sounds.SoundEngine/SOUNDS]: Sound engine started
[29Jul2026 12:42:56.843] [Render thread/INFO] [net.minecraft.client.renderer.texture.TextureAtlas/]: Created: 1024x512x4 minecraft:textures/atlas/blocks.png-atlas
[29Jul2026 12:42:56.851] [Render thread/INFO] [net.minecraft.client.renderer.texture.TextureAtlas/]: Created: 256x256x4 minecraft:textures/atlas/signs.png-atlas
[29Jul2026 12:42:56.852] [Render thread/INFO] [net.minecraft.client.renderer.texture.TextureAtlas/]: Created: 512x512x4 minecraft:textures/atlas/shield_patterns.png-atlas
[29Jul2026 12:42:56.852] [Render thread/INFO] [net.minecraft.client.renderer.texture.TextureAtlas/]: Created: 512x512x4 minecraft:textures/atlas/banner_patterns.png-atlas
[29Jul2026 12:42:56.853] [Render thread/INFO] [net.minecraft.client.renderer.texture.TextureAtlas/]: Created: 1024x1024x4 minecraft:textures/atlas/armor_trims.png-atlas
[29Jul2026 12:42:56.856] [Render thread/INFO] [net.minecraft.client.renderer.texture.TextureAtlas/]: Created: 256x256x4 minecraft:textures/atlas/chest.png-atlas
[29Jul2026 12:42:56.856] [Render thread/INFO] [net.minecraft.client.renderer.texture.TextureAtlas/]: Created: 128x64x4 minecraft:textures/atlas/decorated_pot.png-atlas
[29Jul2026 12:42:56.856] [Render thread/INFO] [net.minecraft.client.renderer.texture.TextureAtlas/]: Created: 512x256x4 minecraft:textures/atlas/beds.png-atlas
[29Jul2026 12:42:56.857] [Render thread/INFO] [net.minecraft.client.renderer.texture.TextureAtlas/]: Created: 512x256x4 minecraft:textures/atlas/shulker_boxes.png-atlas
[29Jul2026 12:42:56.920] [Render thread/INFO] [net.minecraft.client.renderer.texture.TextureAtlas/]: Created: 512x256x0 minecraft:textures/atlas/particles.png-atlas
[29Jul2026 12:42:56.921] [Render thread/INFO] [net.minecraft.client.renderer.texture.TextureAtlas/]: Created: 512x256x0 minecraft:textures/atlas/paintings.png-atlas
[29Jul2026 12:42:56.922] [Render thread/INFO] [net.minecraft.client.renderer.texture.TextureAtlas/]: Created: 256x128x0 minecraft:textures/atlas/mob_effects.png-atlas
[29Jul2026 12:42:56.922] [Render thread/INFO] [net.minecraft.client.renderer.texture.TextureAtlas/]: Created: 64x64x0 minecraft:textures/atlas/map_decorations.png-atlas
[29Jul2026 12:42:56.922] [Render thread/INFO] [net.minecraft.client.renderer.texture.TextureAtlas/]: Created: 1024x512x0 minecraft:textures/atlas/gui.png-atlas
[29Jul2026 12:42:56.950] [Render thread/WARN] [net.minecraft.client.renderer.ShaderInstance/]: Shader rendertype_entity_translucent_emissive could not find sampler named Sampler2 in the specified shader program.
[29Jul2026 12:42:56.999] [Render thread/INFO] [net.neoforged.neoforge.client.entity.animation.json.AnimationLoader/]: Loaded 0 entity animations
[29Jul2026 12:43:05.924] [Render thread/INFO] [Backpacked/]: Looking for Backpacked addons in 'resourcepacks'
[29Jul2026 12:43:05.924] [Render thread/INFO] [Backpacked/]: Found 0 Backpacked addons
[29Jul2026 12:43:06.374] [Render thread/INFO] [net.minecraft.world.item.crafting.RecipeManager/]: Loaded 1301 recipes
[29Jul2026 12:43:06.432] [Render thread/INFO] [net.minecraft.advancements.AdvancementTree/]: Loaded 1410 advancements
[29Jul2026 12:43:06.436] [Render thread/INFO] [Backpacked/]: Adding backpack 'backpacked:bamboo_basket'
[29Jul2026 12:43:06.436] [Render thread/INFO] [Backpacked/]: Adding backpack 'backpacked:turtle_shell'
[29Jul2026 12:43:06.437] [Render thread/INFO] [Backpacked/]: Adding backpack 'backpacked:cardboard_box'
[29Jul2026 12:43:06.437] [Render thread/INFO] [Backpacked/]: Adding backpack 'backpacked:classic'
[29Jul2026 12:43:06.437] [Render thread/INFO] [Backpacked/]: Adding backpack 'backpacked:trash_can'
[29Jul2026 12:43:06.437] [Render thread/INFO] [Backpacked/]: Adding backpack 'backpacked:standard'
[29Jul2026 12:43:06.437] [Render thread/INFO] [Backpacked/]: Adding backpack 'backpacked:end_crystal'
[29Jul2026 12:43:06.437] [Render thread/INFO] [Backpacked/]: Adding backpack 'backpacked:vintage'
[29Jul2026 12:43:06.437] [Render thread/INFO] [Backpacked/]: Adding backpack 'backpacked:piglin_pack'
[29Jul2026 12:43:06.437] [Render thread/INFO] [Backpacked/]: Adding backpack 'backpacked:wandering_bag'
[29Jul2026 12:43:06.437] [Render thread/INFO] [Backpacked/]: Adding backpack 'backpacked:rocket'
[29Jul2026 12:43:06.437] [Render thread/INFO] [Backpacked/]: Adding backpack 'backpacked:mini_chest'
[29Jul2026 12:43:06.437] [Render thread/INFO] [Backpacked/]: Adding backpack 'backpacked:sheep_plush'
[29Jul2026 12:43:06.438] [Render thread/INFO] [Backpacked/]: Adding backpack 'backpacked:honey_jar'
[29Jul2026 12:43:06.711] [Server thread/INFO] [net.minecraft.client.server.IntegratedServer/]: Starting integrated minecraft server version 1.21.1
[29Jul2026 12:43:06.711] [Server thread/INFO] [net.minecraft.server.MinecraftServer/]: Generating keypair
[29Jul2026 12:43:06.758] [Server thread/INFO] [Framework/]: Loading server configs...
[29Jul2026 12:43:07.434] [Server thread/INFO] [net.minecraft.server.MinecraftServer/]: Preparing start region for dimension minecraft:overworld
[29Jul2026 12:43:07.549] [progressListener/INFO] [net.minecraft.server.level.progress.LoggerChunkProgressListener/]: Preparing spawn area: 0%
[29Jul2026 12:43:07.584] [Server thread/INFO] [net.neoforged.neoforge.server.permission.PermissionAPI/]: Successfully initialized permission handler neoforge:default_handler
[29Jul2026 12:43:07.589] [progressListener/INFO] [net.minecraft.server.level.progress.LoggerChunkProgressListener/]: Time elapsed: 149 ms
[29Jul2026 12:43:07.619] [Server thread/INFO] [net.minecraft.client.server.IntegratedServer/]: Changing view distance to 12, from 10
[29Jul2026 12:43:07.620] [Server thread/INFO] [net.minecraft.client.server.IntegratedServer/]: Changing simulation distance to 12, from 0
[29Jul2026 12:43:07.749] [Render thread/INFO] [Backpacked/]: Looking for Backpacked addons in 'resourcepacks'
[29Jul2026 12:43:07.749] [Render thread/INFO] [Backpacked/]: Found 0 Backpacked addons
[29Jul2026 12:43:07.878] [Server thread/INFO] [net.minecraft.server.players.PlayerList/]: Dev[local:E:4f77af99] logged in with entity id 58 at (4.373623222716656, 72.0, 10.006099364745092)
[29Jul2026 12:43:07.903] [Server thread/INFO] [net.minecraft.server.MinecraftServer/]: Dev joined the game
[29Jul2026 12:43:07.955] [Render thread/INFO] [net.minecraft.advancements.AdvancementTree/]: Loaded 32 advancements
[29Jul2026 12:43:15.985] [Server thread/INFO] [net.minecraft.client.server.IntegratedServer/]: Saving and pausing game...
[29Jul2026 12:43:15.993] [Server thread/INFO] [net.minecraft.server.MinecraftServer/]: Saving chunks for level 'ServerLevel[New World]'/minecraft:overworld
[29Jul2026 12:43:16.003] [Server thread/INFO] [net.minecraft.server.MinecraftServer/]: Saving chunks for level 'ServerLevel[New World]'/minecraft:the_end
[29Jul2026 12:43:16.004] [Server thread/INFO] [net.minecraft.server.MinecraftServer/]: Saving chunks for level 'ServerLevel[New World]'/minecraft:the_nether
[29Jul2026 12:43:21.216] [Server thread/INFO] [net.minecraft.server.MinecraftServer/]: [Dev: Removed 89 item(s) from player Dev]
[29Jul2026 12:43:21.219] [Render thread/INFO] [net.minecraft.client.gui.components.ChatComponent/]: [System] [CHAT] Removed 89 item(s) from player Dev
[29Jul2026 12:43:23.800] [Server thread/INFO] [net.minecraft.server.MinecraftServer/]: [Dev: Removed 22 item(s) from player Dev]
[29Jul2026 12:43:23.801] [Render thread/INFO] [net.minecraft.client.gui.components.ChatComponent/]: [System] [CHAT] Removed 22 item(s) from player Dev
[29Jul2026 12:43:26.535] [Server thread/INFO] [net.minecraft.client.server.IntegratedServer/]: Saving and pausing game...
[29Jul2026 12:43:26.538] [Server thread/INFO] [net.minecraft.server.MinecraftServer/]: Saving chunks for level 'ServerLevel[New World]'/minecraft:overworld
[29Jul2026 12:43:26.543] [Server thread/INFO] [net.minecraft.server.MinecraftServer/]: Saving chunks for level 'ServerLevel[New World]'/minecraft:the_end
[29Jul2026 12:43:26.545] [Server thread/INFO] [net.minecraft.server.MinecraftServer/]: Saving chunks for level 'ServerLevel[New World]'/minecraft:the_nether
[29Jul2026 12:43:27.240] [Server thread/INFO] [net.minecraft.server.network.ServerGamePacketListenerImpl/]: Dev lost connection: Disconnected
[29Jul2026 12:43:27.240] [Server thread/INFO] [net.minecraft.server.MinecraftServer/]: Dev left the game
[29Jul2026 12:43:27.244] [Server thread/INFO] [net.minecraft.server.network.ServerCommonPacketListenerImpl/]: Stopping singleplayer server as player logged out
[29Jul2026 12:43:27.292] [Server thread/INFO] [net.minecraft.server.MinecraftServer/]: Stopping server
[29Jul2026 12:43:27.292] [Server thread/INFO] [net.minecraft.server.MinecraftServer/]: Saving players
[29Jul2026 12:43:27.292] [Server thread/INFO] [net.minecraft.server.MinecraftServer/]: Saving worlds
[29Jul2026 12:43:27.340] [Server thread/INFO] [net.minecraft.server.MinecraftServer/]: Saving chunks for level 'ServerLevel[New World]'/minecraft:overworld
[29Jul2026 12:43:27.399] [Server thread/INFO] [net.minecraft.server.MinecraftServer/]: Saving chunks for level 'ServerLevel[New World]'/minecraft:the_end
[29Jul2026 12:43:27.404] [Server thread/INFO] [net.minecraft.server.MinecraftServer/]: Saving chunks for level 'ServerLevel[New World]'/minecraft:the_nether
[29Jul2026 12:43:27.410] [Server thread/INFO] [net.minecraft.server.MinecraftServer/]: ThreadedAnvilChunkStorage (New World (8)): All chunks are saved
[29Jul2026 12:43:27.410] [Server thread/INFO] [net.minecraft.server.MinecraftServer/]: ThreadedAnvilChunkStorage (DIM1): All chunks are saved
[29Jul2026 12:43:27.410] [Server thread/INFO] [net.minecraft.server.MinecraftServer/]: ThreadedAnvilChunkStorage (DIM-1): All chunks are saved
[29Jul2026 12:43:27.410] [Server thread/INFO] [net.minecraft.server.MinecraftServer/]: ThreadedAnvilChunkStorage: All dimensions are saved
[29Jul2026 12:43:27.415] [Server thread/INFO] [Framework/]: Unloading server configs...
[29Jul2026 12:43:27.416] [Server thread/INFO] [Framework/]: Sending config unload event for backpacked.backpack.toml
[29Jul2026 12:43:27.416] [Server thread/INFO] [Framework/]: Sending config unload event for backpacked.wandering_trader.toml
[29Jul2026 12:43:27.416] [Server thread/INFO] [Framework/]: Sending config unload event for backpacked.pickpocketing.toml
[29Jul2026 12:43:27.416] [Server thread/INFO] [Framework/]: Sending config unload event for backpacked.augments.toml
[29Jul2026 12:43:27.416] [Server thread/INFO] [Framework/]: Finished unloading server configs
[29Jul2026 12:43:28.225] [Render thread/INFO] [net.minecraft.client.Minecraft/]: Stopping!
